// Jest Snapshot v1, https://goo.gl/fbAQLP

exports[`REGISTRATION FORM 1`] = `
Object {
  "asFragment": [Function],
  "baseElement": <body>
    <div>
      <section
        class="image-back d-flex-col"
      >
        <div
          class="d-flex-col form-cont gap"
        >
          <h2
            class="title-form"
          >
            Register
          </h2>
          <form
            class="d-flex-col gap"
          >
            <span
              id="message-error"
            />
            <input
              class="form-input"
              id="name"
              placeholder="Name"
              required=""
              type="text"
            />
            <input
              class="form-input"
              id="username"
              placeholder="Username"
              required=""
              type="text"
            />
            <div
              class="btn-cont gap"
            >
              <button
                class="form-submit"
                type="submit"
              >
                Register
              </button>
              <a
                class="form-submit d-flex-col"
                href="/"
              >
                Log In
              </a>
            </div>
          </form>
        </div>
      </section>
    </div>
  </body>,
  "container": <div>
    <section
      class="image-back d-flex-col"
    >
      <div
        class="d-flex-col form-cont gap"
      >
        <h2
          class="title-form"
        >
          Register
        </h2>
        <form
          class="d-flex-col gap"
        >
          <span
            id="message-error"
          />
          <input
            class="form-input"
            id="name"
            placeholder="Name"
            required=""
            type="text"
          />
          <input
            class="form-input"
            id="username"
            placeholder="Username"
            required=""
            type="text"
          />
          <div
            class="btn-cont gap"
          >
            <button
              class="form-submit"
              type="submit"
            >
              Register
            </button>
            <a
              class="form-submit d-flex-col"
              href="/"
            >
              Log In
            </a>
          </div>
        </form>
      </div>
    </section>
  </div>,
  "debug": [Function],
  "findAllByAltText": [Function],
  "findAllByDisplayValue": [Function],
  "findAllByLabelText": [Function],
  "findAllByPlaceholderText": [Function],
  "findAllByRole": [Function],
  "findAllByTestId": [Function],
  "findAllByText": [Function],
  "findAllByTitle": [Function],
  "findByAltText": [Function],
  "findByDisplayValue": [Function],
  "findByLabelText": [Function],
  "findByPlaceholderText": [Function],
  "findByRole": [Function],
  "findByTestId": [Function],
  "findByText": [Function],
  "findByTitle": [Function],
  "getAllByAltText": [Function],
  "getAllByDisplayValue": [Function],
  "getAllByLabelText": [Function],
  "getAllByPlaceholderText": [Function],
  "getAllByRole": [Function],
  "getAllByTestId": [Function],
  "getAllByText": [Function],
  "getAllByTitle": [Function],
  "getByAltText": [Function],
  "getByDisplayValue": [Function],
  "getByLabelText": [Function],
  "getByPlaceholderText": [Function],
  "getByRole": [Function],
  "getByTestId": [Function],
  "getByText": [Function],
  "getByTitle": [Function],
  "queryAllByAltText": [Function],
  "queryAllByDisplayValue": [Function],
  "queryAllByLabelText": [Function],
  "queryAllByPlaceholderText": [Function],
  "queryAllByRole": [Function],
  "queryAllByTestId": [Function],
  "queryAllByText": [Function],
  "queryAllByTitle": [Function],
  "queryByAltText": [Function],
  "queryByDisplayValue": [Function],
  "queryByLabelText": [Function],
  "queryByPlaceholderText": [Function],
  "queryByRole": [Function],
  "queryByTestId": [Function],
  "queryByText": [Function],
  "queryByTitle": [Function],
  "rerender": [Function],
  "unmount": [Function],
}
`;
